// Jest Snapshot v1, https://goo.gl/fbAQLP

exports[`NotFound Component matches snapshot 1`] = `
<h2
  className="siimple-h2"
>
  Oops, page not found...
</h2>
`;
